ASxxxx Linker V03.00 + NoICE + sdld,  page 1.
Hexadecimal  [32-Bits]

Area                                    Addr        Size        Decimal Bytes (Attributes)
--------------------------------        ----        ----        ------- ----- ------------
.  .ABS.                            00000000    00000000 =           0. bytes (ABS,CON)

      Value  Global                              Global Defined In Module
      -----  --------------------------------   ------------------------
     FFFFFFFF  s_SSEG                          
     00000000  .__.ABS.                           main
     00000000  l_CABS                          
     00000000  l_CONST                         
     00000000  l_DABS                          
     00000000  l_DATA                          
     00000000  l_INITIALIZED                   
     00000000  l_INITIALIZER                   
     00000000  l__CODE                         
     00000000  s_CABS                          
     00000000  s_DABS                          
     00000000  s__CODE                         
     00000001  l_SSEG                          
     00000001  s_DATA                          
     00000001  s_INITIALIZED                   
     00000003  l_GSFINAL                       
     00000007  l_HOME                          
     0000001A  l_GSINIT                        
     000000F4  l_CODE                          
     00008000  s_HOME                          
     00008007  s_GSINIT                        
     00008021  s_GSFINAL                       
     00008024  s_CODE                          
     00008024  s_CONST                         
     00008024  s_INITIALIZER                   

ASxxxx Linker V03.00 + NoICE + sdld,  page 2.
Hexadecimal  [32-Bits]

Area                                    Addr        Size        Decimal Bytes (Attributes)
--------------------------------        ----        ----        ------- ----- ------------
HOME                                00008000    00000007 =           7. bytes (REL,CON)

      Value  Global                              Global Defined In Module
      -----  --------------------------------   ------------------------
ASxxxx Linker V03.00 + NoICE + sdld,  page 3.
Hexadecimal  [32-Bits]

Area                                    Addr        Size        Decimal Bytes (Attributes)
--------------------------------        ----        ----        ------- ----- ------------
GSINIT                              00008007    0000001A =          26. bytes (REL,CON)

      Value  Global                              Global Defined In Module
      -----  --------------------------------   ------------------------
ASxxxx Linker V03.00 + NoICE + sdld,  page 4.
Hexadecimal  [32-Bits]

Area                                    Addr        Size        Decimal Bytes (Attributes)
--------------------------------        ----        ----        ------- ----- ------------
GSFINAL                             00008021    00000003 =           3. bytes (REL,CON)

      Value  Global                              Global Defined In Module
      -----  --------------------------------   ------------------------
ASxxxx Linker V03.00 + NoICE + sdld,  page 5.
Hexadecimal  [32-Bits]

Area                                    Addr        Size        Decimal Bytes (Attributes)
--------------------------------        ----        ----        ------- ----- ------------
CODE                                00008024    000000F4 =         244. bytes (REL,CON)

      Value  Global                              Global Defined In Module
      -----  --------------------------------   ------------------------
     00008024  _STM8L052_CLK_Setup                stm8l052_CLK
     00008037  _STM8L052_SPI_Test                 stm8l052_SPI
     00008038  _STM8L052_GPIO_SetupPin            stm8l052_GPIO
     0000809D  _STM8L052_GPIO_High                stm8l052_GPIO
     000080BB  _STM8L052_GPIO_Low                 stm8l052_GPIO
     000080DD  _STM8L052_GPIO_Toggle              stm8l052_GPIO
     000080FA  _main                              main

ASxxxx Linker V03.00 + NoICE + sdld,  page 6.
Hexadecimal  [32-Bits]

Area                                    Addr        Size        Decimal Bytes (Attributes)
--------------------------------        ----        ----        ------- ----- ------------
SSEG                                FFFFFFFF    00000001 =           1. bytes (REL,CON)

      Value  Global                              Global Defined In Module
      -----  --------------------------------   ------------------------
ASxxxx Linker V03.00 + NoICE + sdld,  page 7.

Files Linked                              [ module(s) ]

SDCC/stm8l052_CLK.rel                     [ stm8l052_CLK ]
SDCC/stm8l052_SPI.rel                     [ stm8l052_SPI ]
SDCC/stm8l052_GPIO.rel                    [ stm8l052_GPIO ]
SDCC/main.rel                             [ main ]

ASxxxx Linker V03.00 + NoICE + sdld,  page 8.

User Base Address Definitions

HOME = 0x8000
DATA = 0x0001
SSEG = 0xffffffff

